Step 0 loss: 21.161075592041016
Step 0 loss: 16.29216766357422
Step 0 loss: 20.521339416503906
Step 0 loss: 21.375022888183594
Step 0 loss: 20.93588638305664
Step 0 loss: 22.374879837036133
Step 0 loss: 22.450763702392578
Step 0 loss: 20.143125534057617
Step 0 loss: 19.349328994750977
Step 0 loss: 22.52081871032715
Step 0 loss: 22.73869514465332
Step 0 loss: 18.513565063476562
Step 0 loss: 18.472658157348633
Step 0 loss: 20.095478057861328
Step 0 loss: 21.905397415161133
Step 0 loss: 19.40779685974121
Step 0 loss: 18.90960121154785
Step 0 loss: 19.163585662841797
Step 0 loss: 19.671152114868164
Step 0 loss: 20.248371124267578
Step 0 loss: 20.289520263671875
Step 0 loss: 19.740942001342773
Step 0 loss: 21.48870086669922
Step 0 loss: 20.513225555419922
Step 0 loss: 17.98101043701172
Step 0 loss: 20.129833221435547
Step 0 loss: 21.083877563476562
Step 0 loss: 18.722497940063477
Step 0 loss: 22.157447814941406
Step 0 loss: 19.40960121154785
Step 0 loss: 18.441194534301758
Step 0 loss: 19.635303497314453
Step 1 loss: 20.3843936920166
Step 1 loss: 20.323787689208984
Step 1 loss: 18.321252822875977
Step 1 loss: 23.284608840942383
Step 1 loss: 19.54990005493164
Step 1 loss: 17.842483520507812
Step 1 loss: 19.50872802734375
Step 1 loss: 23.242958068847656
Step 1 loss: 20.511014938354492
Step 1 loss: 21.32508659362793
Step 1 loss: 19.50811767578125
Step 1 loss: 21.480777740478516
Step 1 loss: 20.55312728881836
Step 1 loss: 20.41995620727539
Step 1 loss: 21.70783805847168
Step 1 loss: 21.119747161865234
Step 1 loss: 19.360355377197266
Step 1 loss: 18.557260513305664
Step 1 loss: 22.745384216308594
Step 1 loss: 21.127954483032227
Step 1 loss: 20.44326400756836
Step 1 loss: 21.660558700561523
Step 1 loss: 20.160673141479492
Step 1 loss: 21.13460922241211
Step 1 loss: 21.006134033203125
Step 1 loss: 22.376171112060547
Step 1 loss: 21.410234451293945
Step 1 loss: 20.385345458984375
Step 1 loss: 20.768035888671875
Step 1 loss: 19.70053482055664
Step 1 loss: 20.639375686645508
Step 1 loss: 20.339174270629883
Step 2 loss: 19.345890045166016
Step 2 loss: 23.112510681152344
Step 2 loss: 21.170822143554688
Step 2 loss: 20.538238525390625
Step 2 loss: 20.852108001708984
Step 2 loss: 21.552003860473633
Step 2 loss: 21.535146713256836
Step 2 loss: 19.75494956970215
Step 2 loss: 23.039751052856445
Step 2 loss: 20.7342529296875
Step 2 loss: 20.638648986816406
Step 2 loss: 20.651979446411133
Step 2 loss: 20.207815170288086
Step 2 loss: 21.3178653717041
Step 2 loss: 20.41252899169922
Step 2 loss: 20.361597061157227
Step 2 loss: 19.334014892578125
Step 2 loss: 23.16900062561035
Step 2 loss: 20.503210067749023
Step 2 loss: 22.105045318603516
Step 2 loss: 23.349212646484375
Step 2 loss: 22.171489715576172
Step 2 loss: 18.031143188476562
Step 2 loss: 17.356426239013672
Step 2 loss: 20.4183349609375
Step 2 loss: 20.412813186645508
Step 2 loss: 19.93109893798828
Step 2 loss: 20.18732261657715
Step 2 loss: 21.080123901367188
Step 2 loss: 19.441186904907227
Step 2 loss: 20.180747985839844
Step 2 loss: 17.655780792236328
Step 3 loss: 19.946636199951172
Step 3 loss: 21.77307891845703
Step 3 loss: 19.20067024230957
Step 3 loss: 20.446500778198242
Step 3 loss: 19.511642456054688
Step 3 loss: 21.570466995239258
Step 3 loss: 19.76487159729004
Step 3 loss: 19.177818298339844
Step 3 loss: 21.232067108154297
Step 3 loss: 20.775836944580078
Step 3 loss: 21.4432430267334
Step 3 loss: 19.55133628845215
Step 3 loss: 19.057607650756836
Step 3 loss: 20.561077117919922
Step 3 loss: 20.770492553710938
Step 3 loss: 20.5761661529541
Step 3 loss: 21.6231746673584
Step 3 loss: 19.21682357788086
Step 3 loss: 20.04433822631836
Step 3 loss: 19.955684661865234
Step 3 loss: 22.64141273498535
Step 3 loss: 21.39967155456543
Step 3 loss: 21.609294891357422
Step 3 loss: 19.692520141601562
Step 3 loss: 19.319860458374023
Step 3 loss: 20.75560760498047
Step 3 loss: 19.741954803466797
Step 3 loss: 20.5484676361084
Step 3 loss: 20.042076110839844
Step 3 loss: 23.170093536376953
Step 3 loss: 19.670942306518555
Step 3 loss: 21.587425231933594
Step 4 loss: 21.6756591796875
Step 4 loss: 20.37987518310547
Step 4 loss: 20.413522720336914
Step 4 loss: 24.204551696777344
Step 4 loss: 19.841651916503906
Step 4 loss: 20.722434997558594
Step 4 loss: 19.44344139099121
Step 4 loss: 17.19806671142578
Step 4 loss: 20.472732543945312
Step 4 loss: 18.74944496154785
Step 4 loss: 20.147964477539062
Step 4 loss: 20.670860290527344
Step 4 loss: 18.7760066986084
Step 4 loss: 19.87664222717285
Step 4 loss: 19.522119522094727
Step 4 loss: 20.36847496032715
Step 4 loss: 20.893190383911133
Step 4 loss: 19.335674285888672
Step 4 loss: 22.246580123901367
Step 4 loss: 19.351634979248047
Step 4 loss: 21.183300018310547
Step 4 loss: 19.973125457763672
Step 4 loss: 19.987695693969727
Step 4 loss: 20.93111801147461
Step 4 loss: 20.262155532836914
Step 4 loss: 18.51727867126465
Step 4 loss: 18.458621978759766
Step 4 loss: 22.42999839782715
Step 4 loss: 22.605690002441406
Step 4 loss: 21.98845672607422
Step 4 loss: 20.546480178833008
Step 4 loss: 20.368276596069336
Step 5 loss: 20.137168884277344
Step 5 loss: 20.32853126525879
Step 5 loss: 18.39227867126465
Step 5 loss: 17.915311813354492
Step 5 loss: 20.734630584716797
Step 5 loss: 18.843549728393555
Step 5 loss: 19.673965454101562
Step 5 loss: 18.49184799194336
Step 5 loss: 18.929847717285156
Step 5 loss: 22.246206283569336
Step 5 loss: 20.539491653442383
Step 5 loss: 19.391189575195312
Step 5 loss: 20.10938262939453
Step 5 loss: 20.60712432861328
Step 5 loss: 22.359512329101562
Step 5 loss: 21.46148109436035
Step 5 loss: 24.0736026763916
Step 5 loss: 19.636430740356445
Step 5 loss: 19.486848831176758
Step 5 loss: 18.871213912963867
Step 5 loss: 22.114137649536133
Step 5 loss: 19.96427345275879
Step 5 loss: 22.12125587463379
Step 5 loss: 20.042707443237305
Step 5 loss: 21.419506072998047
Step 5 loss: 19.96416664123535
Step 5 loss: 19.38099479675293
Step 5 loss: 19.28386116027832
Step 5 loss: 20.0858211517334
Step 5 loss: 22.097980499267578
Step 5 loss: 21.076440811157227
Step 5 loss: 22.802589416503906
Step 6 loss: 18.3568058013916
