Step 0 loss: 18.726625442504883
Step 0 loss: 20.948184967041016
Step 0 loss: 21.655384063720703
Step 0 loss: 21.29694175720215
Step 0 loss: 20.935075759887695
Step 0 loss: 20.62613296508789
Step 0 loss: 19.284069061279297
Step 0 loss: 20.65658950805664
Step 0 loss: 19.036592483520508
Step 0 loss: 19.959762573242188
Step 0 loss: 20.01523208618164
Step 0 loss: 21.00096321105957
Step 0 loss: 19.0554256439209
Step 0 loss: 19.90318489074707
Step 0 loss: 20.783525466918945
Step 0 loss: 19.038246154785156
Step 1 loss: 20.35409164428711
Step 1 loss: 20.802928924560547
Step 1 loss: 18.696189880371094
Step 1 loss: 21.37584114074707
Step 1 loss: 20.918046951293945
Step 1 loss: 20.49444580078125
Step 1 loss: 20.486543655395508
Step 1 loss: 21.413793563842773
Step 1 loss: 18.958810806274414
Step 1 loss: 21.93667221069336
Step 1 loss: 21.051908493041992
Step 1 loss: 20.647642135620117
Step 1 loss: 21.691150665283203
Step 1 loss: 20.897789001464844
Step 1 loss: 20.23428726196289
Step 1 loss: 20.489274978637695
Step 2 loss: 21.229198455810547
Step 2 loss: 20.854530334472656
Step 2 loss: 21.20205307006836
Step 2 loss: 20.645044326782227
Step 2 loss: 21.886999130249023
Step 2 loss: 20.645315170288086
Step 2 loss: 20.76283836364746
Step 2 loss: 20.387062072753906
Step 2 loss: 21.25151252746582
Step 2 loss: 21.304128646850586
Step 2 loss: 22.760353088378906
Step 2 loss: 17.693782806396484
Step 2 loss: 20.415571212768555
Step 2 loss: 20.059213638305664
Step 2 loss: 20.26065444946289
Step 2 loss: 18.918262481689453
Step 3 loss: 20.859851837158203
Step 3 loss: 19.823585510253906
Step 3 loss: 20.54105567932129
Step 3 loss: 19.47134017944336
Step 3 loss: 21.003950119018555
Step 3 loss: 20.49728775024414
Step 3 loss: 19.809343338012695
Step 3 loss: 20.673330307006836
Step 3 loss: 20.420000076293945
Step 3 loss: 20.000011444091797
Step 3 loss: 22.020544052124023
Step 3 loss: 20.650911331176758
Step 3 loss: 20.03773307800293
Step 3 loss: 20.14520835876465
Step 3 loss: 21.6060848236084
Step 3 loss: 20.62918472290039
Step 4 loss: 21.02776336669922
Step 4 loss: 22.309038162231445
Step 4 loss: 20.28204345703125
Step 4 loss: 18.320755004882812
Step 4 loss: 19.61109161376953
Step 4 loss: 20.409412384033203
Step 4 loss: 19.32632064819336
Step 4 loss: 19.945293426513672
Step 4 loss: 20.114429473876953
Step 4 loss: 20.799104690551758
Step 4 loss: 20.578210830688477
Step 4 loss: 20.459402084350586
Step 4 loss: 19.38971710205078
Step 4 loss: 20.44430923461914
Step 4 loss: 22.297075271606445
Step 4 loss: 20.45737648010254
Step 5 loss: 20.232851028442383
Step 5 loss: 18.153799057006836
Step 5 loss: 19.78908920288086
Step 5 loss: 19.082908630371094
Step 5 loss: 20.588022232055664
Step 5 loss: 19.96534538269043
Step 5 loss: 20.358251571655273
Step 5 loss: 21.91049575805664
Step 5 loss: 21.85502052307129
Step 5 loss: 19.179033279418945
Step 5 loss: 21.03920555114746
Step 5 loss: 21.08198356628418
Step 5 loss: 20.691837310791016
Step 5 loss: 19.332426071166992
Step 5 loss: 21.091903686523438
Step 5 loss: 21.939516067504883
