Step 0 loss: 22.26039695739746
Step 0 loss: 20.038169860839844
Step 0 loss: 17.510162353515625
Step 0 loss: 21.506752014160156
Step 0 loss: 21.976621627807617
Step 0 loss: 19.435632705688477
Step 0 loss: 18.450212478637695
Step 0 loss: 19.233076095581055
Step 1 loss: 21.47429656982422
Step 1 loss: 18.97018814086914
Step 1 loss: 20.356184005737305
Step 1 loss: 18.983692169189453
Step 1 loss: 25.3889102935791
Step 1 loss: 19.67342185974121
Step 1 loss: 20.5333194732666
Step 1 loss: 24.662731170654297
Step 2 loss: 19.66383171081543
Step 2 loss: 20.178586959838867
Step 2 loss: 20.3995418548584
Step 2 loss: 18.130844116210938
Step 2 loss: 21.276458740234375
Step 2 loss: 20.935821533203125
Step 2 loss: 20.896835327148438
Step 2 loss: 20.77029037475586
Step 3 loss: 18.3530330657959
Step 3 loss: 19.200538635253906
Step 3 loss: 20.12932014465332
Step 3 loss: 18.514928817749023
Step 3 loss: 19.606788635253906
Step 3 loss: 17.15648651123047
Step 3 loss: 19.890005111694336
Step 3 loss: 19.59617805480957
Step 4 loss: 21.38976287841797
Step 4 loss: 20.525188446044922
Step 4 loss: 21.6544246673584
Step 4 loss: 22.160968780517578
Step 4 loss: 20.914892196655273
Step 4 loss: 18.617467880249023
Step 4 loss: 19.141183853149414
Step 4 loss: 19.059253692626953
Step 5 loss: 21.775339126586914
Step 5 loss: 19.80487823486328
Step 5 loss: 18.232336044311523
Step 5 loss: 20.051958084106445
Step 5 loss: 21.199445724487305
Step 5 loss: 20.29762077331543
Step 5 loss: 20.266063690185547
Step 5 loss: 19.115976333618164
Step 6 loss: 19.561981201171875
Step 6 loss: 22.8424072265625
Step 6 loss: 20.310903549194336
Step 6 loss: 20.431079864501953
Step 6 loss: 18.551666259765625
Step 6 loss: 21.031129837036133
Step 6 loss: 22.582908630371094
Step 6 loss: 20.60271644592285
